[+] Key location 
Located key : C:\Users\nmanhthi\.ssh
Upload key on kali location : ~/.ssh/
---------Update code--------
git remote add origin https://github.com/ClupusVT/FlutterApp.git   
git add .
git commit -m "Initial commit"
git push -u origin main
Problem :error: failed to push some refs to 'github.com:ClupusVT/FlutterApp.git'     
                                                                                                                                                                      
[+] Action
---
git fetch origin
git merge origin/main 
git add .
git commit -m "Initial commit"
git push origin main
---------------------
git config user.email "nguyenmanhthi7111994@gmail.com"
git config user.name "Thi Nguyen"

-----------
Error :

git push -u origin main
error: src refspec main does not match any
error: failed to push some refs to 'github.com:ClupusVT/Node_JS_Project_Alpha.git'

git init
Reinitialized existing Git repository in /home/rbbnpentest/Desktop/Thi/Javascript/NodeJS/Project_Alpha/.git/

???(rbbnpentest?kali)-[~/Desktop/Thi/Javascript/NodeJS/Project_Alpha]
??$ git commit -m "Initial commit"
On branch master
nothing to commit, working tree clean

???(rbbnpentest?kali)-[~/Desktop/Thi/Javascript/NodeJS/Project_Alpha]
??$ git add README.md

???(rbbnpentest?kali)-[~/Desktop/Thi/Javascript/NodeJS/Project_Alpha]
??$ git branch -M main

???(rbbnpentest?kali)-[~/Desktop/Thi/Javascript/NodeJS/Project_Alpha]
??$ git push -u origin main
